> Task :clean
> Task :checkKotlinGradlePluginConfigurationErrors SKIPPED
> Task :updateManifest UP-TO-DATE
> Task :processResources
> Task :processTestResources NO-SOURCE
> Task :compileKotlin
> Task :compileJava NO-SOURCE
> Task :classes
> Task :jar
> Task :compileTestKotlin
> Task :compileTestJava NO-SOURCE
> Task :testClasses UP-TO-DATE
WARNING: A restricted method in java.lang.System has been called
WARNING: java.lang.System::load has been called by com.oracle.truffle.polyglot.JDKSupport in an unnamed module (file:/C:/Users/kelpy/.gradle/caches/modules-2/files-2.1/org.graalvm.truffle/truffle-api/25.0.2/50b987c8860bd113be3c24e0e3e473c41467618f/truffle-api-25.0.2.jar)
WARNING: Use --enable-native-access=ALL-UNNAMED to avoid a warning for callers in this module
WARNING: Restricted methods will be blocked in a future release unless native access is enabled

WARNING: A terminally deprecated method in sun.misc.Unsafe has been called
WARNING: sun.misc.Unsafe::objectFieldOffset has been called by com.oracle.truffle.api.nodes.NodeClassImpl$NodeFieldData (file:/C:/Users/kelpy/.gradle/caches/modules-2/files-2.1/org.graalvm.truffle/truffle-api/25.0.2/50b987c8860bd113be3c24e0e3e473c41467618f/truffle-api-25.0.2.jar)
WARNING: Please consider reporting this to the maintainers of class com.oracle.truffle.api.nodes.NodeClassImpl$NodeFieldData
WARNING: sun.misc.Unsafe::objectFieldOffset will be removed in a future release

> Task :test FAILED

SampleTest > loaderCreatesApp() FAILED
    org.graalvm.polyglot.PolyglotException at SampleTest.kt:25

1 test completed, 1 failed

FAILURE: Build failed with an exception.

* What went wrong:
Execution failed for task ':test'.
> There were failing tests. See the report at: file:///C:/Users/kelpy/Documents/Projects/Hytale/Vuetale/build/reports/tests/test/index.html

* Try:
> Run with --scan to generate a Build Scan (powered by Develocity).

BUILD FAILED in 3s
7 actionable tasks: 6 executed, 1 up-to-date
